#! /usr/bin/vvp
:ivl_version "11.0 (stable)";
:ivl_delay_selection "TYPICAL";
:vpi_time_precision + 0;
:vpi_module "/usr/lib/x86_64-linux-gnu/ivl/system.vpi";
:vpi_module "/usr/lib/x86_64-linux-gnu/ivl/vhdl_sys.vpi";
:vpi_module "/usr/lib/x86_64-linux-gnu/ivl/vhdl_textio.vpi";
:vpi_module "/usr/lib/x86_64-linux-gnu/ivl/v2005_math.vpi";
:vpi_module "/usr/lib/x86_64-linux-gnu/ivl/va_math.vpi";
S_0x5f31aede2f70 .scope module, "tb_mux2_dataflow" "tb_mux2_dataflow" 2 1;
 .timescale 0 0;
v0x5f31aedfa240_0 .var "a", 0 0;
v0x5f31aedfa300_0 .var "b", 0 0;
v0x5f31aedfa3d0_0 .var "c", 0 0;
v0x5f31aedfa4d0_0 .net "f", 0 0, L_0x5f31aedfa860;  1 drivers
S_0x5f31aede3100 .scope module, "dut" "mux2_dataflow" 2 6, 3 1 0, S_0x5f31aede2f70;
 .timescale 0 0;
    .port_info 0 /INPUT 1 "a";
    .port_info 1 /INPUT 1 "b";
    .port_info 2 /INPUT 1 "c";
    .port_info 3 /OUTPUT 1 "f";
L_0x5f31aedfa5a0 .functor NOT 1, v0x5f31aedfa240_0, C4<0>, C4<0>, C4<0>;
L_0x5f31aedfa690 .functor NOT 1, v0x5f31aedfa300_0, C4<0>, C4<0>, C4<0>;
L_0x5f31aedfa750 .functor AND 1, L_0x5f31aedfa5a0, L_0x5f31aedfa690, C4<1>, C4<1>;
L_0x5f31aedfa860 .functor OR 1, L_0x5f31aedfa750, v0x5f31aedfa3d0_0, C4<0>, C4<0>;
v0x5f31aedd3990_0 .net *"_ivl_0", 0 0, L_0x5f31aedfa5a0;  1 drivers
v0x5f31aedf9cd0_0 .net *"_ivl_2", 0 0, L_0x5f31aedfa690;  1 drivers
v0x5f31aedf9db0_0 .net *"_ivl_4", 0 0, L_0x5f31aedfa750;  1 drivers
v0x5f31aedf9e70_0 .net "a", 0 0, v0x5f31aedfa240_0;  1 drivers
v0x5f31aedf9f30_0 .net "b", 0 0, v0x5f31aedfa300_0;  1 drivers
v0x5f31aedfa040_0 .net "c", 0 0, v0x5f31aedfa3d0_0;  1 drivers
v0x5f31aedfa100_0 .net "f", 0 0, L_0x5f31aedfa860;  alias, 1 drivers
    .scope S_0x5f31aede2f70;
T_0 ;
    %vpi_call 2 14 "$dumpfile", "mux2_dataflow.vcd" {0 0 0};
    %vpi_call 2 15 "$dumpvars", 32'sb00000000000000000000000000000000, S_0x5f31aede2f70 {0 0 0};
    %pushi/vec4 0, 0, 1;
    %store/vec4 v0x5f31aedfa240_0, 0, 1;
    %pushi/vec4 0, 0, 1;
    %store/vec4 v0x5f31aedfa300_0, 0, 1;
    %pushi/vec4 0, 0, 1;
    %store/vec4 v0x5f31aedfa3d0_0, 0, 1;
    %delay 10, 0;
    %pushi/vec4 0, 0, 1;
    %store/vec4 v0x5f31aedfa240_0, 0, 1;
    %pushi/vec4 0, 0, 1;
    %store/vec4 v0x5f31aedfa300_0, 0, 1;
    %pushi/vec4 1, 0, 1;
    %store/vec4 v0x5f31aedfa3d0_0, 0, 1;
    %delay 10, 0;
    %pushi/vec4 0, 0, 1;
    %store/vec4 v0x5f31aedfa240_0, 0, 1;
    %pushi/vec4 1, 0, 1;
    %store/vec4 v0x5f31aedfa300_0, 0, 1;
    %pushi/vec4 0, 0, 1;
    %store/vec4 v0x5f31aedfa3d0_0, 0, 1;
    %delay 10, 0;
    %pushi/vec4 0, 0, 1;
    %store/vec4 v0x5f31aedfa240_0, 0, 1;
    %pushi/vec4 1, 0, 1;
    %store/vec4 v0x5f31aedfa300_0, 0, 1;
    %pushi/vec4 1, 0, 1;
    %store/vec4 v0x5f31aedfa3d0_0, 0, 1;
    %delay 10, 0;
    %pushi/vec4 1, 0, 1;
    %store/vec4 v0x5f31aedfa240_0, 0, 1;
    %pushi/vec4 0, 0, 1;
    %store/vec4 v0x5f31aedfa300_0, 0, 1;
    %pushi/vec4 0, 0, 1;
    %store/vec4 v0x5f31aedfa3d0_0, 0, 1;
    %delay 10, 0;
    %pushi/vec4 1, 0, 1;
    %store/vec4 v0x5f31aedfa240_0, 0, 1;
    %pushi/vec4 0, 0, 1;
    %store/vec4 v0x5f31aedfa300_0, 0, 1;
    %pushi/vec4 1, 0, 1;
    %store/vec4 v0x5f31aedfa3d0_0, 0, 1;
    %delay 10, 0;
    %pushi/vec4 1, 0, 1;
    %store/vec4 v0x5f31aedfa240_0, 0, 1;
    %pushi/vec4 1, 0, 1;
    %store/vec4 v0x5f31aedfa300_0, 0, 1;
    %pushi/vec4 0, 0, 1;
    %store/vec4 v0x5f31aedfa3d0_0, 0, 1;
    %delay 10, 0;
    %pushi/vec4 1, 0, 1;
    %store/vec4 v0x5f31aedfa240_0, 0, 1;
    %pushi/vec4 1, 0, 1;
    %store/vec4 v0x5f31aedfa300_0, 0, 1;
    %pushi/vec4 1, 0, 1;
    %store/vec4 v0x5f31aedfa3d0_0, 0, 1;
    %delay 10, 0;
    %vpi_call 2 26 "$finish" {0 0 0};
    %end;
    .thread T_0;
    .scope S_0x5f31aede2f70;
T_1 ;
    %vpi_call 2 30 "$monitor", "time=%0t a=%b b=%b c=%b f=%b", $time, v0x5f31aedfa240_0, v0x5f31aedfa300_0, v0x5f31aedfa3d0_0, v0x5f31aedfa4d0_0 {0 0 0};
    %end;
    .thread T_1;
# The file index is used to find the file name in the following table.
:file_names 4;
    "N/A";
    "<interactive>";
    "tb_mux2_dataflow.v";
    "mux2_dataflow.v";
